============================= test session starts =============================
platform win32 -- Python 3.12.10, pytest-9.0.0, pluggy-1.6.0 -- C:\Users\Felix Tacke\AppData\Local\Programs\Python\Python312\python.exe
cachedir: .pytest_cache
rootdir: C:\dev\hispanistica_games
configfile: pyproject.toml
plugins: anyio-4.11.0
collecting ... collected 10 items

tests/test_quiz_release_filtering.py::test_active_topic_visible_regardless_of_release_status FAILED [ 10%]
tests/test_quiz_release_filtering.py::test_active_topic_in_draft_release_visible FAILED [ 20%]
tests/test_quiz_release_filtering.py::test_active_topic_in_unpublished_release_visible FAILED [ 30%]
tests/test_quiz_release_filtering.py::test_legacy_topics_without_release_id_visible PASSED [ 40%]
tests/test_quiz_release_filtering.py::test_mixed_releases_all_active_visible FAILED [ 50%]
tests/test_quiz_release_filtering.py::test_inactive_topics_hidden_regardless_of_release 
